// Jest Snapshot v1, https://goo.gl/fbAQLP

exports[`Render <CitiesList/> Empty render 1`] = `
<section
  className="locations container"
>
  <ul
    className="locations__list tabs__list"
  />
</section>
`;
