// Jest Snapshot v1, https://goo.gl/fbAQLP

exports[`CityPlaces render <CityList /> should render 1`] = `
<section
  className="cities__places places"
>
  <h2
    className="visually-hidden"
  >
    Places
  </h2>
  <b
    className="places__found"
  >
    312 places to stay in Amsterdam
  </b>
  <form
    action="#"
    className="places__sorting"
    method="get"
  >
    <span
      className="places__sorting-caption"
    >
      Sort by
    </span>
    <span
      className="places__sorting-type"
      tabIndex="0"
    >
      Popular
      <svg
        className="places__sorting-arrow"
        height="4"
        width="7"
      >
        <use
          xlinkHref="#icon-arrow-select"
        />
      </svg>
    </span>
    <ul
      className="places__options places__options--custom places__options--opened"
    >
      <li
        className="places__option places__option--active"
        tabIndex="0"
      >
        Popular
      </li>
      <li
        className="places__option"
        tabIndex="0"
      >
        Price: low to high
      </li>
      <li
        className="places__option"
        tabIndex="0"
      >
        Price: high to low
      </li>
      <li
        className="places__option"
        tabIndex="0"
      >
        Top rated first
      </li>
    </ul>
  </form>
  <div
    className="cities__places-list places__list tabs__content"
  >
    <article
      className="cities__place-card place-card"
      onMouseEnter={[Function]}
    >
      <div
        className="cities__image-wrapper place-card__image-wrapper"
      >
        <a
          href="#"
        >
          <img
            alt="Place image"
            className="place-card__image"
            height="200"
            src="https://upload.wikimedia.org/wikipedia/commons/3/34/Nanteos_%28geograph_3153536%29.jpg"
            width="260"
          />
        </a>
      </div>
      <div
        className="place-card__info"
      >
        <div
          className="place-card__price-wrapper"
        >
          <div
            className="place-card__price"
          >
            <b
              className="place-card__price-value"
            >
              €
              80
            </b>
            <span
              className="place-card__price-text"
            >
              / night
            </span>
          </div>
          <button
            className="place-card__bookmark-button place-card__bookmark-button--active button"
            type="button"
          >
            <svg
              className="place-card__bookmark-icon"
              height="19"
              width="18"
            >
              <use
                xlinkHref="#icon-bookmark-active"
              />
            </svg>
            <span
              className="visually-hidden"
            >
              In bookmarks
            </span>
          </button>
        </div>
        <div
          className="place-card__rating rating"
        >
          <div
            className="place-card__stars rating__stars"
          >
            <span
              style={
                Object {
                  "width": "80%",
                }
              }
            />
            <span
              className="visually-hidden"
            >
              Rating
            </span>
          </div>
        </div>
        <h2
          className="place-card__name"
          onClick={[Function]}
        >
          <a
            href="#"
          >
            Комната №1
          </a>
        </h2>
        <p
          className="place-card__type"
        >
          room
        </p>
      </div>
    </article>
    <article
      className="cities__place-card place-card"
      onMouseEnter={[Function]}
    >
      <div
        className="cities__image-wrapper place-card__image-wrapper"
      >
        <a
          href="#"
        >
          <img
            alt="Place image"
            className="place-card__image"
            height="200"
            src="https://upload.wikimedia.org/wikipedia/commons/3/34/Nanteos_%28geograph_3153536%29.jpg"
            width="260"
          />
        </a>
      </div>
      <div
        className="place-card__info"
      >
        <div
          className="place-card__price-wrapper"
        >
          <div
            className="place-card__price"
          >
            <b
              className="place-card__price-value"
            >
              €
              60
            </b>
            <span
              className="place-card__price-text"
            >
              / night
            </span>
          </div>
          <button
            className="place-card__bookmark-button place-card__bookmark-button--active button"
            type="button"
          >
            <svg
              className="place-card__bookmark-icon"
              height="19"
              width="18"
            >
              <use
                xlinkHref="#icon-bookmark-active"
              />
            </svg>
            <span
              className="visually-hidden"
            >
              In bookmarks
            </span>
          </button>
        </div>
        <div
          className="place-card__rating rating"
        >
          <div
            className="place-card__stars rating__stars"
          >
            <span
              style={
                Object {
                  "width": "40%",
                }
              }
            />
            <span
              className="visually-hidden"
            >
              Rating
            </span>
          </div>
        </div>
        <h2
          className="place-card__name"
          onClick={[Function]}
        >
          <a
            href="#"
          >
            Комната №115
          </a>
        </h2>
        <p
          className="place-card__type"
        >
          apartment
        </p>
      </div>
    </article>
  </div>
</section>
`;
