// Jest Snapshot v1, https://goo.gl/fbAQLP

exports[`Render <CityPlacesFormFiltersItem/> Render page 1`] = `
<li
  className=""
  onClick={[Function]}
>
  
</li>
`;
