// Jest Snapshot v1, https://goo.gl/fbAQLP

exports[`CityPlaceCard render Render CityPlaceCard 1`] = `
<article
  className="cities__placecard place-card"
  onMouseEnter={[Function]}
>
  <div
    className="place-card__image-wrapper"
  >
    <a
      href="#"
    >
      <img
        alt="Place image"
        className="place-card__image"
        height="200"
        src="https://upload.wikimedia.org/wikipedia/commons/3/34/Nanteos_%28geograph_3153536%29.jpg"
        width="260"
      />
    </a>
  </div>
  <div
    className="place-card__info"
  >
    <div
      className="place-card__price-wrapper"
    >
      <div
        className="place-card__price"
      >
        <b
          className="place-card__price-value"
        >
          €
          80
        </b>
        <span
          className="place-card__price-text"
        >
          / night
        </span>
      </div>
      <button
        className="place-card__bookmark-button place-card__bookmark-button button"
        type="button"
      >
        <svg
          className="place-card__bookmark-icon"
          height="19"
          width="18"
        >
          <use
            xlinkHref="#icon-bookmark"
          />
        </svg>
        <span
          className="visually-hidden"
        >
          In bookmarks
        </span>
      </button>
    </div>
    <div
      className="place-card__rating rating"
    >
      <div
        className="place-card__stars rating__stars"
      >
        <span
          style={
            Object {
              "width": "80%",
            }
          }
        />
        <span
          className="visually-hidden"
        >
          Rating
        </span>
      </div>
    </div>
    <h2
      className="place-card__name"
      onClick={[Function]}
    >
      <a
        href="#"
      >
        Комната №1
      </a>
    </h2>
    <p
      className="place-card__type"
    >
      room
    </p>
  </div>
</article>
`;
