// Jest Snapshot v1, https://goo.gl/fbAQLP

exports[`Render <ReviewList/> empty render 1`] = `
<section
  className="property__reviews reviews"
>
  <h2
    className="reviews__title"
  >
    Reviews Â· 
    <span
      className="reviews__amount"
    >
      0
    </span>
  </h2>
  <ul
    className="reviews__list"
  />
</section>
`;
