// Jest Snapshot v1, https://goo.gl/fbAQLP

exports[`Render <PlacesList/> Empty render 1`] = `null`;
